Function test was called
2
3
2
4
[4,5,]
0
0
1
2
3
4
